->rgb(252,91,43)
CardTableExtension::scavenge_contents_parallel->rgb(218,86,53)
ClassLoaderDataGraph::oops_do->rgb(250,79,10)
GCTaskManager::get_task->rgb(234,72,15)
GCTaskThread::run->rgb(239,113,52)
HandleArea::oops_do->rgb(227,170,52)
InstanceKlass::oop_push_contents->rgb(248,151,47)
Interpreter->rgb(250,72,52)
JavaCalls::call_helper->rgb(228,159,45)
JavaCalls::call_virtual->rgb(231,115,1)
JavaThread::oops_do->rgb(221,152,14)
JavaThread::run->rgb(246,110,27)
JavaThread::thread_main_inner->rgb(210,195,12)
Java_sun_nio_ch_FileDispatcherImpl_write0->rgb(253,10,48)
Monitor::IWait->rgb(205,189,43)
Monitor::wait->rgb(252,50,10)
ObjArrayKlass::oop_push_contents->rgb(251,27,8)
OldToYoungRootsTask::do_it->rgb(216,120,24)
OopMapSet::all_do->rgb(247,221,23)
PSPromotionManager::drain_stacks_depth->rgb(251,56,22)
PSRootsClosure<false>::do_oop->rgb(220,115,51)
PSScavengeKlassClosure::do_klass->rgb(231,82,43)
ParallelTaskTerminator::offer_termination->rgb(252,79,44)
SafepointSynchronize::begin->rgb(254,199,23)
ScavengeRootsTask::do_it->rgb(218,68,14)
SpinPause->rgb(234,18,0)
StealTask::do_it->rgb(245,5,13)
ThreadRootsTask::do_it->rgb(215,151,53)
VMThread::loop->rgb(228,66,35)
VMThread::run->rgb(239,5,53)
[[vdso]]->rgb(246,184,46)
[libc-2.19.so]->rgb(249,177,16)
[libpthread-2.19.so]->rgb(233,49,7)
[perf]->rgb(221,5,8)
[unknown]->rgb(228,31,8)
__GI___ioctl->rgb(245,172,3)
__GI___mprotect->rgb(234,92,26)
__acct_update_integrals->rgb(220,103,18)
__alloc_pages_nodemask->rgb(233,173,51)
__alloc_skb->rgb(239,47,50)
__copy_skb_header->rgb(238,51,10)
__dev_queue_xmit->rgb(216,173,24)
__do_softirq->rgb(228,40,47)
__execve->rgb(237,59,17)
__fsnotify_parent->rgb(233,25,34)
__getnstimeofday->rgb(249,105,26)
__hrtimer_start_range_ns->rgb(247,197,15)
__inet_lookup_established->rgb(241,7,8)
__internal_add_timer->rgb(241,204,17)
__ip_local_out->rgb(222,48,23)
__kfree_skb->rgb(220,192,38)
__kmalloc_node_track_caller->rgb(242,124,1)
__kmalloc_reserve.isra.26->rgb(233,41,35)
__libc_read->rgb(247,118,19)
__libc_start_main->rgb(222,26,24)
__libc_write->rgb(234,61,50)
__lll_unlock_wake->rgb(248,23,45)
__netif_receive_skb->rgb(234,18,51)
__netif_receive_skb_core->rgb(249,69,16)
__perf_event_enable->rgb(229,199,36)
__pthread_disable_asynccancel->rgb(226,68,24)
__remove_hrtimer->rgb(252,58,54)
__run_hrtimer->rgb(233,34,51)
__schedule->rgb(213,64,40)
__skb_clone->rgb(253,228,45)
__slab_alloc->rgb(253,9,42)
__slab_free->rgb(218,181,24)
__srcu_read_lock->rgb(213,36,15)
__srcu_read_unlock->rgb(251,34,1)
__switch_to->rgb(223,3,36)
__tcp_ack_snd_check->rgb(239,164,31)
__tcp_push_pending_frames->rgb(205,62,21)
__tcp_select_window->rgb(207,172,41)
__tcp_v4_send_check->rgb(206,91,14)
__tick_nohz_idle_enter->rgb(254,77,42)
__wake_up_common->rgb(205,80,9)
__wake_up_locked->rgb(237,196,47)
__wake_up_sync_key->rgb(241,172,3)
_copy_from_user->rgb(247,129,49)
_raw_spin_lock->rgb(239,227,41)
_raw_spin_lock_bh->rgb(218,157,7)
_raw_spin_lock_irq->rgb(226,192,23)
_raw_spin_lock_irqsave->rgb(237,195,40)
_raw_spin_unlock_bh->rgb(244,89,32)
_raw_spin_unlock_irqrestore->rgb(215,4,12)
aa_file_perm->rgb(247,203,23)
aa_revalidate_sk->rgb(225,64,15)
account_entity_dequeue->rgb(229,43,30)
account_entity_enqueue->rgb(224,81,6)
account_process_tick->rgb(231,9,12)
account_user_time->rgb(211,33,18)
acct_account_cputime->rgb(229,198,30)
activate_task->rgb(214,145,13)
aeMain->rgb(220,197,39)
aeProcessEvents->rgb(227,13,34)
alloc_pages_current->rgb(218,56,25)
apic_timer_interrupt->rgb(220,13,9)
apparmor_file_free_security->rgb(244,87,45)
apparmor_file_permission->rgb(243,206,54)
apparmor_socket_recvmsg->rgb(215,16,29)
apparmor_socket_sendmsg->rgb(205,172,47)
arch_cpu_idle->rgb(242,17,0)
arch_local_irq_save->rgb(244,95,12)
atomic_notifier_call_chain->rgb(229,132,37)
bictcp_acked->rgb(212,225,6)
bictcp_cong_avoid->rgb(215,138,19)
call_function_single_interrupt->rgb(246,69,35)
call_stub->rgb(245,41,39)
change_protection->rgb(244,42,23)
change_protection_range->rgb(220,203,35)
check_preempt_curr->rgb(237,112,25)
clockevents_program_event->rgb(219,132,18)
common_file_perm->rgb(219,178,19)
copy_user_generic_string->rgb(253,91,47)
cpu_function_call->rgb(210,52,26)
cpu_startup_entry->rgb(240,8,41)
cpuacct_charge->rgb(213,101,4)
cpuidle_enter_state->rgb(209,55,19)
cpuidle_idle_call->rgb(224,43,42)
deactivate_task->rgb(236,28,53)
default_wake_function->rgb(250,176,2)
dequeue_entity->rgb(224,184,40)
dequeue_task->rgb(245,227,9)
dequeue_task_fair->rgb(211,227,42)
detach_if_pending->rgb(254,33,5)
dev_hard_start_xmit->rgb(228,157,33)
dev_queue_xmit->rgb(221,152,51)
do_execve_common.isra.22->rgb(226,107,7)
do_filp_open->rgb(218,214,7)
do_softirq->rgb(205,75,25)
do_softirq_own_stack->rgb(248,54,31)
do_sync_read->rgb(217,120,6)
do_sync_write->rgb(253,86,14)
do_vfs_ioctl->rgb(243,9,54)
dst_release->rgb(236,33,21)
effective_load.isra.35->rgb(248,2,46)
enqueue_entity->rgb(222,221,44)
enqueue_hrtimer->rgb(216,22,49)
enqueue_task->rgb(224,161,49)
enqueue_task_fair->rgb(216,185,24)
enqueue_to_backlog->rgb(224,171,40)
ep_poll->rgb(238,146,6)
ep_poll_callback->rgb(240,7,14)
ep_scan_ready_list.isra.9->rgb(238,143,30)
ep_send_events_proc->rgb(243,40,4)
epoll_ctl->rgb(236,195,16)
epoll_wait->rgb(237,102,25)
eth_type_trans->rgb(239,73,12)
fdval->rgb(205,213,24)
fget_light->rgb(223,107,44)
filename_lookup->rgb(205,2,0)
flush_tlb_mm_range->rgb(227,76,16)
fput->rgb(251,219,26)
frame::oops_do_internal->rgb(237,8,33)
fsnotify->rgb(246,57,19)
generic_exec_single->rgb(251,190,45)
generic_smp_call_function_single_interrupt->rgb(237,91,40)
get_next_timer_interrupt->rgb(214,141,39)
get_page_from_freelist->rgb(215,89,37)
getnstimeofday->rgb(251,141,22)
gettimeofday@plt->rgb(225,37,52)
gmain->rgb(243,47,5)
group_sched_in->rgb(253,157,3)
harmonize_features.isra.92.part.93->rgb(223,19,51)
hrtimer_cancel->rgb(228,52,44)
hrtimer_force_reprogram->rgb(246,120,34)
hrtimer_interrupt->rgb(214,92,16)
hrtimer_start->rgb(221,138,6)
hrtimer_start_range_ns->rgb(207,32,35)
hrtimer_try_to_cancel->rgb(224,117,46)
http_parser_execute->rgb(253,147,45)
idle_cpu->rgb(242,210,7)
inet_ehashfn->rgb(238,85,49)
inet_recvmsg->rgb(220,32,1)
inet_sendmsg->rgb(253,188,10)
inotify_add_watch->rgb(207,98,12)
int_sqrt->rgb(227,45,26)
intel_idle->rgb(228,194,53)
intel_pmu_enable_all->rgb(205,207,20)
internal_add_timer->rgb(214,113,41)
io/netty/buffer/AbstractByteBuf:.checkIndex->rgb(240,17,32)
io/netty/buffer/AbstractByteBuf:.checkSrcIndex->rgb(237,59,24)
io/netty/buffer/AbstractByteBuf:.ensureWritable->rgb(208,142,21)
io/netty/buffer/AbstractByteBuf:.forEachByteAsc0->rgb(235,179,29)
io/netty/buffer/AbstractByteBuf:.getByte->rgb(214,103,0)
io/netty/buffer/AbstractByteBuf:.writeBytes->rgb(234,163,23)
io/netty/buffer/AbstractByteBufAllocator:.heapBuffer->rgb(209,33,3)
io/netty/buffer/AbstractReferenceCountedByteBuf:.release->rgb(244,18,21)
io/netty/buffer/PooledByteBuf:.deallocate->rgb(210,188,11)
io/netty/buffer/PooledByteBufAllocator:.newDirectBuffer->rgb(226,202,13)
io/netty/buffer/PooledUnsafeDirectByteBuf:.setBytes->rgb(229,39,4)
io/netty/buffer/UnpooledHeapByteBuf:.<init>->rgb(223,62,46)
io/netty/buffer/UnreleasableByteBuf:.duplicate->rgb(232,198,31)
io/netty/channel/AbstractChannel:.hashCode->rgb(248,167,4)
io/netty/channel/AbstractChannelHandlerContext:.executor->rgb(218,81,7)
io/netty/channel/AbstractChannelHandlerContext:.fireChannelRead->rgb(230,174,4)
io/netty/channel/AbstractChannelHandlerContext:.fireChannelReadComplete->rgb(237,145,33)
io/netty/channel/AbstractChannelHandlerContext:.flush->rgb(239,217,31)
io/netty/channel/AbstractChannelHandlerContext:.newPromise->rgb(248,122,33)
io/netty/channel/AbstractChannelHandlerContext:.read->rgb(243,176,10)
io/netty/channel/AbstractChannelHandlerContext:.validatePromise->rgb(214,53,6)
io/netty/channel/AbstractChannelHandlerContext:.write->rgb(228,161,40)
io/netty/channel/AdaptiveRecvByteBufAllocator$HandleImpl:.record->rgb(212,139,1)
io/netty/channel/ChannelDuplexHandler:.flush->rgb(224,204,13)
io/netty/channel/ChannelDuplexHandler:.read->rgb(224,50,12)
io/netty/channel/ChannelOutboundBuffer:.current->rgb(215,56,46)
io/netty/channel/ChannelOutboundBuffer:.decrementPendingOutboundBytes->rgb(230,208,17)
io/netty/channel/ChannelOutboundBuffer:.incrementPendingOutboundBytes->rgb(253,23,45)
io/netty/channel/ChannelOutboundBuffer:.progress->rgb(213,192,25)
io/netty/channel/ChannelOutboundHandlerAdapter:.flush->rgb(248,179,37)
io/netty/channel/ChannelOutboundHandlerAdapter:.read->rgb(248,182,30)
io/netty/channel/DefaultChannelPipeline$HeadContext:.flush->rgb(234,152,8)
io/netty/channel/DefaultChannelPipeline$HeadContext:.read->rgb(249,18,15)
io/netty/channel/DefaultChannelPipeline$HeadContext:.write->rgb(219,43,35)
io/netty/channel/DefaultChannelPromise:.trySuccess->rgb(243,11,29)
io/netty/channel/nio/AbstractNioByteChannel$NioByteUnsafe:.read->rgb(251,92,35)
io/netty/channel/nio/AbstractNioByteChannel:.doWrite->rgb(241,167,20)
io/netty/channel/nio/NioEventLoop:.processSelectedKeys->rgb(210,18,13)
io/netty/channel/nio/NioEventLoop:.processSelectedKeysOptimized->rgb(212,186,46)
io/netty/channel/nio/NioEventLoop:.select->rgb(238,53,14)
io/netty/handler/codec/ByteToMessageDecoder:.channelRead->rgb(212,10,46)
io/netty/handler/codec/ByteToMessageDecoder:.channelReadComplete->rgb(226,210,36)
io/netty/handler/codec/MessageToMessageEncoder:.write->rgb(212,25,37)
io/netty/handler/codec/http/DefaultHttpHeaders:.<init>->rgb(219,199,7)
io/netty/handler/codec/http/DefaultHttpHeaders:.add0->rgb(244,147,33)
io/netty/handler/codec/http/DefaultHttpHeaders:.contains->rgb(223,152,45)
io/netty/handler/codec/http/DefaultHttpHeaders:.set->rgb(207,67,17)
io/netty/handler/codec/http/DefaultHttpMessage:.<init>->rgb(253,199,45)
io/netty/handler/codec/http/HttpHeaders:.encode->rgb(226,112,48)
io/netty/handler/codec/http/HttpHeaders:.encodeAscii0->rgb(254,34,13)
io/netty/handler/codec/http/HttpHeaders:.hash->rgb(232,1,32)
io/netty/handler/codec/http/HttpMethod:.valueOf->rgb(223,176,18)
io/netty/handler/codec/http/HttpObjectDecoder$HeaderParser:.process->rgb(235,189,7)
io/netty/handler/codec/http/HttpObjectDecoder$LineParser:.parse->rgb(230,215,17)
io/netty/handler/codec/http/HttpObjectDecoder:.decode->rgb(231,53,23)
io/netty/handler/codec/http/HttpObjectDecoder:.findNonWhitespace->rgb(254,85,31)
io/netty/handler/codec/http/HttpObjectDecoder:.findWhitespace->rgb(211,74,5)
io/netty/handler/codec/http/HttpObjectDecoder:.readHeaders->rgb(222,216,49)
io/netty/handler/codec/http/HttpObjectDecoder:.skipControlCharacters->rgb(252,149,8)
io/netty/handler/codec/http/HttpObjectDecoder:.splitHeader->rgb(240,76,16)
io/netty/handler/codec/http/HttpObjectDecoder:.splitInitialLine->rgb(238,33,21)
io/netty/handler/codec/http/HttpObjectEncoder:.encode->rgb(249,126,13)
io/netty/handler/codec/http/HttpResponseEncoder:.acceptOutboundMessage->rgb(226,35,6)
io/netty/handler/codec/http/HttpVersion:.compareTo->rgb(216,44,54)
io/netty/util/Recycler:.get->rgb(239,73,50)
io/netty/util/Recycler:.recycle->rgb(230,202,48)
io/netty/util/internal/AppendableCharSequence:.substring->rgb(222,41,34)
ip_finish_output->rgb(209,197,18)
ip_local_deliver->rgb(227,100,25)
ip_local_deliver_finish->rgb(234,220,20)
ip_local_out->rgb(233,147,4)
ip_output->rgb(222,129,33)
ip_queue_xmit->rgb(242,123,36)
ip_rcv->rgb(232,118,47)
ip_rcv_finish->rgb(250,103,51)
ipv4_dst_check->rgb(233,223,2)
ipv4_mtu->rgb(215,185,43)
itable stub->rgb(249,120,0)
java->rgb(205,22,45)
java/lang/Integer:.toString->rgb(235,33,53)
java/lang/String:.<init>->rgb(232,108,30)
java/lang/String:.equals->rgb(235,208,52)
java/lang/String:.getBytes->rgb(254,165,33)
java/lang/String:.hashCode->rgb(220,81,20)
java/lang/String:.trim->rgb(247,220,30)
java/lang/ThreadLocal:.get->rgb(243,197,8)
java/nio/DirectByteBuffer:.duplicate->rgb(215,13,10)
java/nio/channels/spi/AbstractInterruptibleChannel:.begin->rgb(232,51,37)
java/nio/channels/spi/AbstractInterruptibleChannel:.end->rgb(243,89,12)
java/nio/charset/Charset:.lookup->rgb(247,151,37)
java/nio/charset/CharsetEncoder:.replaceWith->rgb(220,162,29)
java/util/ArrayList:.ensureCapacityInternal->rgb(243,132,43)
java/util/Arrays:.copyOf->rgb(234,27,3)
java/util/HashMap:.getNode->rgb(235,72,14)
java/util/concurrent/ConcurrentHashMap:.get->rgb(247,3,36)
java_start->rgb(230,218,24)
jiffies_to_timeval->rgb(248,26,54)
jlong_disjoint_arraycopy->rgb(229,25,4)
jni_fast_GetIntField->rgb(253,173,16)
kfree->rgb(239,188,1)
kfree_skbmem->rgb(229,204,44)
kmalloc_slab->rgb(230,34,10)
kmem_cache_alloc_node->rgb(222,217,41)
ksize->rgb(236,180,6)
ksoftirqd/3->rgb(217,206,49)
ktime_get->rgb(245,197,23)
ktime_get_real->rgb(244,107,13)
ktime_get_ts->rgb(250,74,45)
lapic_next_deadline->rgb(216,61,21)
link_path_walk->rgb(211,107,10)
local_apic_timer_interrupt->rgb(248,203,15)
local_bh_enable->rgb(212,24,16)
local_bh_enable_ip->rgb(254,167,42)
lock_hrtimer_base.isra.19->rgb(246,162,18)
lock_sock_nested->rgb(252,7,51)
lock_timer_base.isra.35->rgb(221,152,40)
loopback_xmit->rgb(242,16,1)
menu_reflect->rgb(207,176,48)
menu_select->rgb(216,201,34)
mod_timer->rgb(241,115,42)
mprotect_fixup->rgb(251,184,27)
msecs_to_jiffies->rgb(243,13,19)
mutex_lock->rgb(219,191,18)
mutex_unlock->rgb(230,191,50)
native_load_tls->rgb(212,54,52)
native_read_tsc->rgb(218,188,37)
native_sched_clock->rgb(247,33,39)
native_write_msr_safe->rgb(220,181,17)
net_rx_action->rgb(213,6,13)
netdev_pick_tx->rgb(243,76,47)
netif_rx->rgb(244,4,26)
netif_skb_dev_features->rgb(207,192,11)
new_slab->rgb(240,115,27)
nmethod::fix_oop_relocations->rgb(236,133,8)
nr_iowait_cpu->rgb(205,181,36)
ns_to_timeval->rgb(252,212,44)
oopDesc* PSPromotionManager::copy_to_survivor_space<false>->rgb(211,97,38)
open_exec->rgb(211,188,16)
org/mozilla/javascript/BaseFunction:.construct->rgb(212,208,51)
org/mozilla/javascript/BaseFunction:.execIdCall->rgb(235,36,7)
org/mozilla/javascript/BaseFunction:.findInstanceIdInfo->rgb(216,32,1)
org/mozilla/javascript/BaseFunction:.findPrototypeId->rgb(225,47,38)
org/mozilla/javascript/IdScriptableObject$PrototypeValues:.ensureId->rgb(213,167,51)
org/mozilla/javascript/IdScriptableObject:.findInstanceIdInfo->rgb(242,102,17)
org/mozilla/javascript/IdScriptableObject:.get->rgb(242,197,6)
org/mozilla/javascript/IdScriptableObject:.has->rgb(227,183,52)
org/mozilla/javascript/IdScriptableObject:.put->rgb(205,227,21)
org/mozilla/javascript/IdScriptableObject:.setAttributes->rgb(247,93,34)
org/mozilla/javascript/JavaMembers:.get->rgb(213,78,31)
org/mozilla/javascript/NativeCall:.<init>->rgb(219,29,36)
org/mozilla/javascript/NativeFunction:.initScriptFunction->rgb(234,89,44)
org/mozilla/javascript/NativeJavaMethod:.call->rgb(211,181,14)
org/mozilla/javascript/NativeJavaMethod:.findCachedFunction->rgb(208,191,15)
org/mozilla/javascript/NativeJavaMethod:.findFunction->rgb(208,158,6)
org/mozilla/javascript/NativeJavaObject:.get->rgb(226,78,13)
org/mozilla/javascript/NativeJavaObject:.initMembers->rgb(230,172,54)
org/mozilla/javascript/ScriptRuntime:.bind->rgb(229,167,49)
org/mozilla/javascript/ScriptRuntime:.getObjectProp->rgb(228,205,19)
org/mozilla/javascript/ScriptRuntime:.getPropFunctionAndThisHelper->rgb(253,156,42)
org/mozilla/javascript/ScriptRuntime:.name->rgb(219,140,29)
org/mozilla/javascript/ScriptRuntime:.nameOrFunction->rgb(215,193,36)
org/mozilla/javascript/ScriptRuntime:.setName->rgb(220,114,50)
org/mozilla/javascript/ScriptRuntime:.setObjectProp->rgb(207,175,28)
org/mozilla/javascript/ScriptRuntime:.toObjectOrNull->rgb(249,136,46)
org/mozilla/javascript/ScriptableObject$RelinkedSlot:.getValue->rgb(243,100,16)
org/mozilla/javascript/ScriptableObject$Slot:.getValue->rgb(219,157,30)
org/mozilla/javascript/ScriptableObject$Slot:.setAttributes->rgb(225,48,47)
org/mozilla/javascript/ScriptableObject:.addKnownAbsentSlot->rgb(217,137,9)
org/mozilla/javascript/ScriptableObject:.createSlot->rgb(220,187,54)
org/mozilla/javascript/ScriptableObject:.getBase->rgb(213,104,19)
org/mozilla/javascript/ScriptableObject:.getParentScope->rgb(247,182,52)
org/mozilla/javascript/ScriptableObject:.getPrototype->rgb(218,63,46)
org/mozilla/javascript/ScriptableObject:.getSlot->rgb(250,37,53)
org/mozilla/javascript/ScriptableObject:.getTopLevelScope->rgb(254,162,42)
org/mozilla/javascript/ScriptableObject:.getTopScopeValue->rgb(241,44,48)
org/mozilla/javascript/ScriptableObject:.putImpl->rgb(228,137,18)
org/mozilla/javascript/TopLevel:.getBuiltinPrototype->rgb(231,91,7)
org/mozilla/javascript/WrapFactory:.setJavaPrimitiveWrap->rgb(250,5,2)
org/mozilla/javascript/WrapFactory:.wrap->rgb(244,189,42)
org/mozilla/javascript/WrapFactory:.wrapAsJavaObject->rgb(250,136,18)
org/mozilla/javascript/gen/file__root_vert_x_2_1_5_Server2_js_1:.call->rgb(235,213,43)
org/mozilla/javascript/gen/file__root_vert_x_2_1_5_sys_mods_io_vertx_lang_js_1_1_0_vertx_http_js_2->rgb(227,113,6)
org/mozilla/javascript/gen/file__root_vert_x_2_1_5_sys_mods_io_vertx_lang_js_1_1_0_vertx_streams_j->rgb(216,68,4)
org/vertx/java/core/http/impl/AssembledFullHttpResponse:.toLastContent->rgb(243,10,3)
org/vertx/java/core/http/impl/DefaultHttpServer$ServerHandler:.doMessageReceived->rgb(245,124,16)
org/vertx/java/core/http/impl/ServerConnection:.handleRequest->rgb(239,140,22)
org/vertx/java/core/http/impl/VertxHttpHandler:.write->rgb(239,223,48)
org/vertx/java/core/impl/DefaultVertx:.setContext->rgb(222,45,12)
org/vertx/java/core/net/impl/ConnectionBase:.write->rgb(240,4,21)
org/vertx/java/core/net/impl/VertxHandler:.channelRead->rgb(207,145,3)
org/vertx/java/core/net/impl/VertxHandler:.channelReadComplete->rgb(236,0,34)
org/vertx/java/platform/impl/RhinoContextFactory:.onContextCreated->rgb(228,146,48)
path_openat->rgb(240,20,53)
perf->rgb(213,168,29)
perf_event_enable->rgb(210,108,15)
perf_event_for_each_child->rgb(239,36,44)
perf_ioctl->rgb(208,160,22)
perf_pmu_enable->rgb(233,95,49)
pick_next_task_fair->rgb(214,159,37)
process_backlog->rgb(213,2,9)
pthread_self->rgb(240,125,22)
put_filp->rgb(213,5,48)
put_prev_task_fair->rgb(210,43,42)
raw_local_deliver->rgb(208,206,25)
rb_erase->rgb(209,52,50)
rcu_bh_qs->rgb(232,134,16)
rcu_cpu_has_callbacks->rgb(206,132,31)
rcu_idle_enter->rgb(222,210,13)
rcu_idle_exit->rgb(236,130,53)
rcu_sysidle_enter->rgb(227,79,15)
rcu_sysidle_exit->rgb(227,80,31)
rcu_sysidle_force_exit->rgb(209,81,27)
read_tsc->rgb(230,11,23)
release_sock->rgb(244,133,13)
remote_function->rgb(233,128,23)
resched_task->rgb(223,159,14)
response_complete->rgb(215,59,29)
rest_init->rgb(239,215,54)
rw_verify_area->rgb(253,78,54)
sched_clock->rgb(232,27,46)
sched_clock_cpu->rgb(253,198,6)
sched_clock_idle_sleep_event->rgb(208,31,37)
schedule->rgb(245,48,30)
schedule_hrtimeout_range->rgb(236,87,4)
schedule_hrtimeout_range_clock->rgb(221,212,5)
schedule_preempt_disabled->rgb(247,89,52)
security_file_free->rgb(250,129,46)
security_file_permission->rgb(235,38,22)
security_socket_sendmsg->rgb(229,70,35)
select_estimate_accuracy->rgb(218,65,16)
select_task_rq_fair->rgb(243,177,47)
set_next_entity->rgb(227,34,53)
sk_reset_timer->rgb(228,70,37)
sk_stream_alloc_skb->rgb(208,157,7)
skb_clone->rgb(238,197,14)
skb_copy_datagram_iovec->rgb(205,218,18)
skb_free_head->rgb(212,173,42)
skb_network_protocol->rgb(228,61,46)
skb_push->rgb(243,75,47)
skb_release_all->rgb(222,103,38)
skb_release_data->rgb(237,71,30)
smp_apic_timer_interrupt->rgb(237,158,53)
smp_call_function_single->rgb(217,131,35)
smp_call_function_single_interrupt->rgb(249,86,1)
sock_aio_read->rgb(225,119,27)
sock_aio_read.part.8->rgb(237,115,20)
sock_aio_write->rgb(208,104,23)
sock_def_readable->rgb(212,10,6)
sock_poll->rgb(209,64,23)
sock_put->rgb(225,101,27)
sock_read->rgb(253,116,23)
sock_wfree->rgb(250,21,39)
socket_readable->rgb(210,55,33)
socket_writeable->rgb(211,41,47)
start_kernel->rgb(233,140,24)
start_secondary->rgb(234,90,29)
start_thread->rgb(247,13,33)
stats_record->rgb(252,79,5)
stub_execve->rgb(213,185,16)
sun/nio/ch/EPollArrayWrapper:.epollWait->rgb(208,108,10)
sun/nio/ch/EPollArrayWrapper:.poll->rgb(220,111,6)
sun/nio/ch/EPollSelectorImpl:.updateSelectedKeys->rgb(222,76,31)
sun/nio/ch/FileDispatcherImpl:.read0->rgb(209,23,46)
sun/nio/ch/FileDispatcherImpl:.write0->rgb(225,214,44)
sun/nio/ch/IOUtil:.readIntoNativeBuffer->rgb(210,17,5)
sun/nio/ch/NativeThread:.current->rgb(245,149,21)
sun/nio/ch/SelectorImpl:.select->rgb(216,218,52)
sun/nio/ch/SocketChannelImpl:.isConnected->rgb(241,176,23)
sun/nio/ch/SocketChannelImpl:.read->rgb(251,175,44)
sun/nio/ch/SocketChannelImpl:.write->rgb(236,84,45)
sun/nio/cs/UTF_8$Encoder:.<init>->rgb(209,130,9)
sun/reflect/DelegatingMethodAccessorImpl:.invoke->rgb(237,156,22)
swapper->rgb(252,229,9)
sys_epoll_ctl->rgb(210,189,43)
sys_epoll_wait->rgb(235,82,0)
sys_execve->rgb(224,19,7)
sys_futex->rgb(231,188,10)
sys_inotify_add_watch->rgb(243,143,5)
sys_ioctl->rgb(212,5,47)
sys_mprotect->rgb(217,206,14)
sys_read->rgb(234,196,17)
sys_write->rgb(254,138,1)
system_call->rgb(238,111,21)
system_call_after_swapgs->rgb(248,86,14)
system_call_fastpath->rgb(210,77,43)
task_nice->rgb(212,69,16)
tcp_ack->rgb(214,177,25)
tcp_check_space->rgb(219,195,15)
tcp_clean_rtx_queue->rgb(239,24,17)
tcp_cleanup_rbuf->rgb(206,61,24)
tcp_current_mss->rgb(227,178,24)
tcp_data_queue->rgb(241,89,18)
tcp_established_options->rgb(242,46,48)
tcp_event_data_recv->rgb(209,192,48)
tcp_event_new_data_sent->rgb(243,147,20)
tcp_init_tso_segs->rgb(254,208,16)
tcp_is_cwnd_limited->rgb(229,171,25)
tcp_md5_do_lookup->rgb(215,150,44)
tcp_poll->rgb(242,82,43)
tcp_prequeue->rgb(243,192,24)
tcp_queue_rcv->rgb(213,226,43)
tcp_rcv_established->rgb(231,132,32)
tcp_rcv_space_adjust->rgb(231,208,3)
tcp_rearm_rto->rgb(232,48,35)
tcp_recvmsg->rgb(242,105,30)
tcp_schedule_loss_probe->rgb(222,137,53)
tcp_send_delayed_ack->rgb(225,79,18)
tcp_send_mss->rgb(213,61,11)
tcp_sendmsg->rgb(228,107,50)
tcp_set_skb_tso_segs->rgb(251,183,2)
tcp_transmit_skb->rgb(212,100,38)
tcp_try_rmem_schedule->rgb(220,17,48)
tcp_urg->rgb(252,116,54)
tcp_v4_do_rcv->rgb(235,2,21)
tcp_v4_md5_lookup->rgb(219,43,23)
tcp_v4_rcv->rgb(248,42,25)
tcp_v4_send_check->rgb(239,110,39)
tcp_wfree->rgb(254,113,18)
tcp_write_xmit->rgb(237,226,49)
thread_entry->rgb(219,114,30)
thread_main->rgb(218,20,12)
tick_nohz_idle_enter->rgb(235,44,12)
tick_nohz_idle_exit->rgb(231,32,34)
tick_nohz_restart->rgb(208,200,46)
tick_nohz_stop_idle->rgb(206,32,28)
tick_nohz_stop_sched_tick->rgb(209,123,22)
tick_program_event->rgb(226,75,12)
tick_sched_handle.isra.17->rgb(218,90,30)
tick_sched_timer->rgb(248,36,20)
timerqueue_add->rgb(242,57,23)
timerqueue_del->rgb(220,48,51)
try_to_wake_up->rgb(210,218,31)
ttwu_do_activate.constprop.74->rgb(240,41,3)
ttwu_do_wakeup->rgb(208,134,4)
ttwu_stat->rgb(243,147,27)
unsafe_arraycopy->rgb(241,187,17)
update_cfs_rq_blocked_load->rgb(207,167,27)
update_cpu_load_nohz->rgb(215,185,10)
update_curr->rgb(229,209,25)
update_min_vruntime->rgb(246,72,17)
update_process_times->rgb(238,52,5)
update_rq_clock.part.63->rgb(240,13,25)
user_path_at->rgb(232,166,45)
user_path_at_empty->rgb(233,20,14)
vfs_read->rgb(250,36,3)
vfs_write->rgb(215,120,6)
vtable stub->rgb(252,215,54)
wrk->rgb(239,84,30)
x86_64_start_kernel->rgb(240,164,15)
x86_64_start_reservations->rgb(243,190,8)
x86_pmu_commit_txn->rgb(219,142,19)
x86_pmu_enable->rgb(207,40,36)
