->rgb(255,230,55)
ClassLoaderData::oops_do->rgb(244,125,43)
ClassLoaderDataGraph::oops_do->rgb(244,125,43)
GCTaskThread::run->rgb(243,216,41)
InstanceKlass::oop_push_contents->rgb(238,183,36)
Interpreter_[j]->rgb(237,180,35)
JavaCalls::call_helper->rgb(243,120,41)
JavaCalls::call_virtual->rgb(224,120,21)
JavaThread::run->rgb(243,120,41)
JavaThread::thread_main_inner->rgb(244,120,43)
Java_sun_nio_ch_FileDispatcherImpl_write0->rgb(233,120,31)
PSIsAliveClosure::do_object_b->rgb(227,196,25)
PSPromotionManager::drain_stacks_depth->rgb(238,174,37)
PSScavenge::invoke->rgb(242,164,41)
PSScavenge::invoke_no_policy->rgb(246,164,46)
PSScavengeKlassClosure::do_klass->rgb(240,164,38)
ParallelScavengeHeap::failed_mem_allocate->rgb(245,165,45)
ParallelTaskTerminator::offer_termination->rgb(247,165,46)
ScavengeRootsTask::do_it->rgb(230,202,27)
SpinPause->rgb(241,166,40)
StealTask::do_it->rgb(230,159,27)
StringTable::unlink_or_oops_do->rgb(244,156,43)
VMThread::evaluate_operation->rgb(247,181,46)
VMThread::loop->rgb(248,181,47)
VMThread::run->rgb(243,181,41)
VM_Operation::evaluate->rgb(245,146,45)
VM_ParallelGCFailedAllocation::doit->rgb(235,146,33)
__alloc_skb_[k]->rgb(236,151,34)
__do_softirq_[k]->rgb(236,141,34)
__inet_lookup_established_[k]->rgb(236,125,34)
__kfree_skb_[k]->rgb(236,119,34)
__kmalloc_node_track_caller_[k]->rgb(236,119,34)
__netif_receive_skb_[k]->rgb(236,148,34)
__phys_addr_[k]->rgb(236,141,34)
__srcu_read_lock_[k]->rgb(236,132,34)
__tcp_push_pending_frames_[k]->rgb(236,128,34)
__tcp_select_window_[k]->rgb(236,128,34)
__wake_up_sync_key_[k]->rgb(236,119,34)
_raw_spin_lock_bh_[k]->rgb(236,166,34)
apparmor_file_permission_[k]->rgb(236,150,34)
arch_local_irq_save_[k]->rgb(236,144,34)
bictcp_acked_[k]->rgb(236,125,34)
call_softirq_[k]->rgb(236,112,34)
call_stub_[j]->rgb(237,112,35)
check_events_[k]->rgb(236,116,34)
common_file_perm_[k]->rgb(236,149,34)
copy_user_enhanced_fast_string_[k]->rgb(236,140,34)
dev_hard_start_xmit_[k]->rgb(236,187,34)
dev_pick_tx_[k]->rgb(236,187,34)
dev_queue_xmit_[k]->rgb(236,187,34)
dev_queue_xmit_nit_[k]->rgb(236,187,34)
dma_issue_pending_all_[k]->rgb(236,176,34)
do_futex_[k]->rgb(236,189,34)
do_sock_read.isra.12_[k]->rgb(236,189,34)
do_sock_write.isra.10_[k]->rgb(236,189,34)
do_softirq_[k]->rgb(236,189,34)
do_sync_read_[k]->rgb(236,189,34)
do_sync_write_[k]->rgb(236,189,34)
dst_release_[k]->rgb(236,179,34)
fget_light_[k]->rgb(236,177,34)
fsnotify_[k]->rgb(236,182,34)
futex_wake_op_[k]->rgb(236,152,34)
get_slab_[k]->rgb(236,170,34)
getnstimeofday_[k]->rgb(236,170,34)
hypercall_page_[k]->rgb(236,185,34)
inet_recvmsg_[k]->rgb(236,173,34)
inet_sendmsg_[k]->rgb(236,173,34)
io/netty/buffer/AbstractByteBuf:.forEachByteAsc0_[j]->rgb(237,149,35)
io/netty/buffer/AbstractByteBuf:.writeBytes_[j]->rgb(237,149,35)
io/netty/buffer/AbstractByteBufAllocator:.directBuffer_[j]->rgb(237,149,35)
io/netty/buffer/AbstractReferenceCountedByteBuf:.release_[j]->rgb(237,149,35)
io/netty/buffer/PooledByteBuf:.internalNioBuffer_[j]->rgb(237,149,35)
io/netty/buffer/PooledUnsafeDirectByteBuf:.readBytes_[j]->rgb(237,149,35)
io/netty/channel/AbstractChannel$AbstractUnsafe:.flush0_[j]->rgb(237,149,35)
io/netty/channel/AbstractChannelHandlerContext:.fireChannelReadComplete_[j]->rgb(237,149,35)
io/netty/channel/AbstractChannelHandlerContext:.fireChannelRead_[j]->rgb(237,149,35)
io/netty/channel/AbstractChannelHandlerContext:.flush_[j]->rgb(237,149,35)
io/netty/channel/AbstractChannelHandlerContext:.write_[j]->rgb(237,149,35)
io/netty/channel/ChannelDuplexHandler:.flush_[j]->rgb(237,149,35)
io/netty/channel/ChannelOutboundHandlerAdapter:.flush_[j]->rgb(237,149,35)
io/netty/channel/DefaultChannelPipeline$HeadContext:.flush_[j]->rgb(237,149,35)
io/netty/channel/nio/AbstractNioByteChannel$NioByteUnsafe:.read_[j]->rgb(237,149,35)
io/netty/channel/nio/AbstractNioByteChannel:.doWrite_[j]->rgb(237,149,35)
io/netty/channel/nio/NioEventLoop:.processSelectedKey_[j]->rgb(237,149,35)
io/netty/channel/nio/NioEventLoop:.processSelectedKeysOptimized_[j]->rgb(237,149,35)
io/netty/channel/nio/NioEventLoop:.processSelectedKeys_[j]->rgb(237,149,35)
io/netty/channel/nio/NioEventLoop:.run_[j]->rgb(237,149,35)
io/netty/channel/socket/nio/NioSocketChannel:.doReadBytes_[j]->rgb(237,149,35)
io/netty/handler/codec/ByteToMessageDecoder:.channelReadComplete_[j]->rgb(237,149,35)
io/netty/handler/codec/ByteToMessageDecoder:.channelRead_[j]->rgb(237,149,35)
io/netty/handler/codec/MessageToMessageEncoder:.write_[j]->rgb(237,149,35)
io/netty/handler/codec/http/DefaultHttpHeaders:.add0_[j]->rgb(237,149,35)
io/netty/handler/codec/http/DefaultHttpHeaders:.set_[j]->rgb(237,149,35)
io/netty/handler/codec/http/HttpHeaders:.hash_[j]->rgb(237,149,35)
io/netty/handler/codec/http/HttpHeaders:.isTransferEncodingChunked_[j]->rgb(237,149,35)
io/netty/handler/codec/http/HttpObjectDecoder:.decode_[j]->rgb(237,149,35)
io/netty/handler/codec/http/HttpObjectDecoder:.findWhitespace_[j]->rgb(237,149,35)
io/netty/handler/codec/http/HttpObjectDecoder:.readHeaders_[j]->rgb(237,149,35)
io/netty/handler/codec/http/HttpObjectDecoder:.splitHeader_[j]->rgb(237,149,35)
io/netty/handler/codec/http/HttpObjectEncoder:.encode_[j]->rgb(237,149,35)
io/netty/util/Recycler:.recycle_[j]->rgb(237,149,35)
io/netty/util/concurrent/FastThreadLocal:.get_[j]->rgb(237,149,35)
io/netty/util/internal/AppendableCharSequence:.append_[j]->rgb(237,149,35)
io/netty/util/internal/RecyclableArrayList:.newInstance_[j]->rgb(237,149,35)
ip_finish_output_[k]->rgb(236,144,34)
ip_local_deliver_[k]->rgb(236,144,34)
ip_local_deliver_finish_[k]->rgb(236,144,34)
ip_local_out_[k]->rgb(236,144,34)
ip_output_[k]->rgb(236,144,34)
ip_queue_xmit_[k]->rgb(236,144,34)
ip_rcv_[k]->rgb(236,144,34)
ip_rcv_finish_[k]->rgb(236,144,34)
ipv4_mtu_[k]->rgb(236,147,34)
java->rgb(233,104,31)
java/nio/channels/spi/AbstractInterruptibleChannel:.end_[j]->rgb(237,104,35)
java/util/ArrayList:.add_[j]->rgb(237,104,35)
java/util/ArrayList:.ensureExplicitCapacity_[j]->rgb(237,104,35)
java/util/Arrays:.fill_[j]->rgb(237,104,35)
java/util/HashMap:.get_[j]->rgb(237,104,35)
java/util/concurrent/ConcurrentHashMap:.get_[j]->rgb(237,104,35)
java_start->rgb(239,104,37)
jbyte_disjoint_arraycopy_[j]->rgb(237,128,35)
jint_disjoint_arraycopy_[j]->rgb(237,145,35)
kmem_cache_alloc_node_[k]->rgb(236,107,34)
ksize_[k]->rgb(236,119,34)
ktime_get_real_[k]->rgb(236,114,34)
local_bh_disable_[k]->rgb(236,151,34)
local_bh_enable_[k]->rgb(236,151,34)
lock_sock_nested_[k]->rgb(236,151,34)
loopback_xmit_[k]->rgb(236,151,34)
net_rx_action_[k]->rgb(236,194,34)
netif_rx.part.82_[k]->rgb(236,194,34)
netif_rx_[k]->rgb(236,194,34)
netif_skb_features_[k]->rgb(236,194,34)
oopDesc* PSPromotionManager::copy_to_survivor_space<false>->rgb(244,204,43)
org/mozilla/javascript/Context:.getWrapFactory_[j]->rgb(237,179,35)
org/mozilla/javascript/IdScriptableObject:.findInstanceIdInfo_[j]->rgb(237,179,35)
org/mozilla/javascript/IdScriptableObject:.get_[j]->rgb(237,179,35)
org/mozilla/javascript/IdScriptableObject:.has_[j]->rgb(237,179,35)
org/mozilla/javascript/IdScriptableObject:.put_[j]->rgb(237,179,35)
org/mozilla/javascript/IdScriptableObject:.setAttributes_[j]->rgb(237,179,35)
org/mozilla/javascript/MemberBox:.invoke_[j]->rgb(237,179,35)
org/mozilla/javascript/NativeFunction:.initScriptFunction_[j]->rgb(237,179,35)
org/mozilla/javascript/NativeJavaMethod:.call_[j]->rgb(237,179,35)
org/mozilla/javascript/NativeJavaMethod:.findFunction_[j]->rgb(237,179,35)
org/mozilla/javascript/NativeJavaObject:.get_[j]->rgb(237,179,35)
org/mozilla/javascript/ScriptRuntime:.createFunctionActivation_[j]->rgb(237,179,35)
org/mozilla/javascript/ScriptRuntime:.getObjectProp_[j]->rgb(237,179,35)
org/mozilla/javascript/ScriptRuntime:.getPropFunctionAndThis_[j]->rgb(237,179,35)
org/mozilla/javascript/ScriptRuntime:.indexFromString_[j]->rgb(237,179,35)
org/mozilla/javascript/ScriptRuntime:.nameOrFunction_[j]->rgb(237,179,35)
org/mozilla/javascript/ScriptRuntime:.name_[j]->rgb(237,179,35)
org/mozilla/javascript/ScriptRuntime:.newObject_[j]->rgb(237,179,35)
org/mozilla/javascript/ScriptRuntime:.setObjectElem_[j]->rgb(237,179,35)
org/mozilla/javascript/ScriptRuntime:.setObjectProp_[j]->rgb(237,179,35)
org/mozilla/javascript/ScriptableObject$RelinkedSlot:.getValue_[j]->rgb(237,179,35)
org/mozilla/javascript/ScriptableObject$Slot:.getValue_[j]->rgb(237,179,35)
org/mozilla/javascript/ScriptableObject:.createSlot_[j]->rgb(237,179,35)
org/mozilla/javascript/ScriptableObject:.getParentScope_[j]->rgb(237,179,35)
org/mozilla/javascript/ScriptableObject:.getPrototype_[j]->rgb(237,179,35)
org/mozilla/javascript/ScriptableObject:.getSlot_[j]->rgb(237,179,35)
org/mozilla/javascript/TopLevel:.getBuiltinPrototype_[j]->rgb(237,179,35)
org/mozilla/javascript/WrapFactory:.wrapAsJavaObject_[j]->rgb(237,179,35)
org/mozilla/javascript/WrapFactory:.wrap_[j]->rgb(237,179,35)
org/mozilla/javascript/gen/file__home_bgregg_testtest_vert_x_2_1_4_sys_mods_io_vertx_lang_js_1_1_0_[j]->rgb(237,179,35)
org/mozilla/javascript/gen/file__home_bgregg_testtest_vhello_js_1:.call_[j]->rgb(237,179,35)
org/mozilla/javascript/optimizer/OptRuntime:.call2_[j]->rgb(237,179,35)
org/vertx/java/core/http/impl/DefaultHttpServer$ServerHandler:.doMessageReceived_[j]->rgb(237,179,35)
org/vertx/java/core/http/impl/VertxHttpHandler:.write_[j]->rgb(237,179,35)
org/vertx/java/core/net/impl/VertxHandler:.channelReadComplete_[j]->rgb(237,179,35)
org/vertx/java/core/net/impl/VertxHandler:.channelRead_[j]->rgb(237,179,35)
process_backlog_[k]->rgb(236,184,34)
pthread_cond_signal@@GLIBC_2.3.2->rgb(250,158,50)
pvclock_clocksource_read_[k]->rgb(236,163,34)
rcu_bh_qs_[k]->rgb(236,169,34)
read->rgb(241,184,40)
rw_verify_area_[k]->rgb(236,117,34)
security_file_permission_[k]->rgb(236,170,34)
sk_stream_alloc_skb_[k]->rgb(236,114,34)
skb_clone_[k]->rgb(236,143,34)
skb_copy_datagram_iovec_[k]->rgb(236,143,34)
skb_dst_set_noref_[k]->rgb(236,143,34)
skb_release_data_[k]->rgb(236,143,34)
skb_release_head_state_[k]->rgb(236,143,34)
sock_aio_read.part.13_[k]->rgb(236,175,34)
sock_aio_read_[k]->rgb(236,175,34)
sock_aio_write_[k]->rgb(236,175,34)
sock_def_readable_[k]->rgb(236,175,34)
start_thread->rgb(241,156,40)
sun/nio/ch/FileDispatcherImpl:.read0_[j]->rgb(237,148,35)
sun/nio/ch/FileDispatcherImpl:.write0_[j]->rgb(237,148,35)
sun/nio/ch/NativeThread:.current_[j]->rgb(237,148,35)
sun/nio/ch/SocketChannelImpl:.read_[j]->rgb(237,148,35)
sun/nio/ch/SocketChannelImpl:.write_[j]->rgb(237,148,35)
sun/nio/ch/SocketChannelImpl:.writerCleanup_[j]->rgb(237,148,35)
sun/nio/cs/UTF_8$Encoder:.<init>_[j]->rgb(237,148,35)
sun/reflect/DelegatingMethodAccessorImpl:.invoke_[j]->rgb(237,148,35)
sys_futex_[k]->rgb(236,167,34)
sys_read_[k]->rgb(236,167,34)
sys_write_[k]->rgb(236,167,34)
system_call_fastpath_[k]->rgb(236,167,34)
tcp_ack_[k]->rgb(236,169,34)
tcp_clean_rtx_queue_[k]->rgb(236,169,34)
tcp_cleanup_rbuf_[k]->rgb(236,169,34)
tcp_current_mss_[k]->rgb(236,169,34)
tcp_established_options_[k]->rgb(236,169,34)
tcp_event_data_recv_[k]->rgb(236,169,34)
tcp_rcv_established_[k]->rgb(236,169,34)
tcp_rcv_space_adjust_[k]->rgb(236,169,34)
tcp_recvmsg_[k]->rgb(236,169,34)
tcp_rtt_estimator_[k]->rgb(236,169,34)
tcp_send_mss_[k]->rgb(236,169,34)
tcp_sendmsg_[k]->rgb(236,169,34)
tcp_set_skb_tso_segs_[k]->rgb(236,169,34)
tcp_transmit_skb_[k]->rgb(236,169,34)
tcp_v4_do_rcv_[k]->rgb(236,169,34)
tcp_v4_rcv_[k]->rgb(236,169,34)
tcp_valid_rtt_meas_[k]->rgb(236,169,34)
tcp_write_xmit_[k]->rgb(236,169,34)
tcp_xmit_size_goal_[k]->rgb(236,169,34)
thread_entry->rgb(243,137,42)
vfs_read_[k]->rgb(236,128,34)
vfs_write_[k]->rgb(236,128,34)
vtable chunks_[j]->rgb(237,132,35)
write->rgb(240,108,38)
xen_clocksource_get_cycles_[k]->rgb(236,213,34)
xen_clocksource_read_[k]->rgb(236,213,34)
xen_restore_fl_direct_[k]->rgb(236,213,34)
xen_restore_fl_direct_end_[k]->rgb(236,213,34)
